Production profile and source acceptance: PASS
Production profile and source acceptance: PASS
{
  "passed": true,
  "accepted_utc": "2026-09-30T20:42:02.295200+00:00",
  "stamp_path": "/volume/pt-test/users/zhaoye/OPSD-B200-opt-runtime/accepted-profile.json",
  "stamp_sha256": "735d3b838e752aa788c790b726b8dfaf0d1449f533c35dc99504f4e0b10990ac",
  "source_files": 37,
  "negative_gate_checks": {
    "tp1": "Accepted optimization settings differ",
    "failed": "Profile acceptance is not passed",
    "source_mismatch": "Accepted source hashes differ"
  },
  "measured_update_speed": {
    "baseline_update_seconds": 69.53782486915588,
    "optimized_update_seconds": 36.58616819381714,
    "update_time_reduction": 0.4738666580000368,
    "steps": [
      2,
      3,
      4,
      5,
      6
    ]
  },
  "production_started": false
}
